 0  0      0 2778488  73828 859124    0    0     1    14   52    0  0  0 100  0  0  0 2026-05-13 12:33:24
 0  0      0 2778476  73828 859056    0    0     0     4  236  132  2  1 97  0  0  0 2026-05-13 12:33:25
 0  0      0 2778476  73828 859056    0    0     0     0  136   77  0  0 99  0  0  0 2026-05-13 12:33:26
 0  0      0 2778476  73828 859056    0    0     0     0   39   33  0  0 100  0  0  0 2026-05-13 12:33:27
 0  0      0 2778476  73836 859056    0    0     0    84   56   62  0  0 100  1  0  0 2026-05-13 12:33:28
 0  0      0 2778476  73836 859056    0    0     0     0   34   30  0  0 100  0  0  0 2026-05-13 12:33:29
 0  0      0 2778476  73836 859056    0    0     0     0  151  234  1  0 99  0  0  0 2026-05-13 12:33:30
 0  0      0 2778476  73836 859056    0    0     0   260  323  234  0  1 99  0  0  0 2026-05-13 12:33:31
 0  0      0 2778476  73844 859056    0    0     0    36  296  186  0  1 99  1  0  0 2026-05-13 12:33:32
 0  0      0 2778476  73844 859056    0    0     0    44  260  143  2  3 95  0  0  0 2026-05-13 12:33:33
 0  0      0 2776712  73844 859056    0    0     0     0  265  165  2  1 97  0  0  0 2026-05-13 12:33:34
 0  0      0 2776712  73844 859056    0    0     0     0  145   83  0  0 99  0  0  0 2026-05-13 12:33:35
 0  0      0 2776712  73844 859056    0    0     0     0   44   61  0  0 100  0  0  0 2026-05-13 12:33:36
 0  0      0 2776712  73844 859056    0    0     0     0   56   41  1  0 100  0  0  0 2026-05-13 12:33:37
 0  0      0 2615684  73848 859056    0    0     0    12  321  353  0 12 80  7  0  0 2026-05-13 12:33:38
 0  0      0 2276772  73848 859056    0    0     0     4  718  763  1 31 68  0  0  0 2026-05-13 12:33:39
 0  0      0 1970340  73848 859056    0    0     0     0  650  620  0 32 68  0  0  0 2026-05-13 12:33:40
 0  0      0 1664160  73848 859056    0    0     0     0  654  614  0 32 68  0  0  0 2026-05-13 12:33:41
 1  0      0 1309344  73848 859056    0    0     0     0  674  701  0 31 69  0  1  0 2026-05-13 12:33:42
 0  0      0 800312  73852 859056    0    0     0    24  807 1080  1 23 60  16  0  0 2026-05-13 12:33:43
 8  0      0 2476488  73852 859056    0    0     0   212 3021 5735  7 30 63  0  0  0 2026-05-13 12:33:44
 6  2      0 2336136  73868 859052    0    0     0   176 9096 22478 40 60  0  0  0  0 2026-05-13 12:33:45
 8  0      0 2366840  73872 859056    0    0     0    20 11902 31813 33 66  0  0  0  0 2026-05-13 12:33:46
 8  1      0 2402236  73884 859052    0    0     0   164 11188 31725 36 64  0  0  0  0 2026-05-13 12:33:47
 8  0      0 2159896  73892 859056    0    0     0    44 11446 32523 32 68  0  0  0  0 2026-05-13 12:33:48
 7  1      0 2200068  73896 859056    0    0     0    20 12642 36160 40 60  0  0  0  0 2026-05-13 12:33:49
 6  2      0 2220368  73904 859052    0    0     0    36 11046 28738 30 50  20  0  0  0 2026-05-13 12:33:50
 8  0      0 2365768  73908 859056    0    0     0    20 11985 32622 37 63  0  0  1  0 2026-05-13 12:33:51
 8  0      0 2376564  73912 859056    0    0     0    20 12117 32599 32 68  0  0  0  0 2026-05-13 12:33:52
 8  0      0 2009520  73916 859056    0    0     0    20 10870 30198 38 62  0  0  0  0 2026-05-13 12:33:53
 8  0      0 2255984  73920 859056    0    0     0    20 11137 30502 32 68  0  0  0  0 2026-05-13 12:33:54
 8  0      0 2086628  73928 859056    0    0     0    20 12706 33179 31 69  0  0  0  0 2026-05-13 12:33:55
 0  0      0 2502984  73928 859056    0    0     0    20 6952 20590 24 29 47  0  1  0 2026-05-13 12:33:56
 0  0      0 2519240  73928 859056    0    0     0     0  247  130  1  0 99  0  0  0 2026-05-13 12:33:57
 0  0      0 2545688  73928 859056    0    0     0     0  227  145  1  1 98  0  0  0 2026-05-13 12:33:58
 0  0      0 2565360  73928 859056    0    0     0     0  218  136  0  0 99  0  0  0 2026-05-13 12:33:59
 0  0      0 2583664  73928 859056    0    0     0     0  239  155  1  1 98  0  0  0 2026-05-13 12:34:00
 0  0      0 2607732  73928 859060    0    0     0     0  240  169  1  1 99  0  0  0 2026-05-13 12:34:01
 0  0      0 2624148  73932 859060    0    0     0    12  215  153  0  0 99  0  0  0 2026-05-13 12:34:02
 0  0      0 2640548  73932 859060    0    0     0     8  278  165  1  1 98  0  0  0 2026-05-13 12:34:03
 0  0      0 2658692  73932 859060    0    0     0     0  197  102  0  0 99  0  0  0 2026-05-13 12:34:04
 0  0      0 2683012  73932 859060    0    0     0     0   22   17  0  0 100  0  0  0 2026-05-13 12:34:05
 0  0      0 2707332  73932 859060    0    0     0     0   32   38  0  0 100  0  0  0 2026-05-13 12:34:06
 0  0      0 2714700  73932 859060    0    0     0     4   46   31  0  0 100  0  0  0 2026-05-13 12:34:07
 0  0      0 2729420  73932 859060    0    0     0    20   39   40  0  0 100  0  0  0 2026-05-13 12:34:08
 0  0      0 2743756  73932 859060    0    0     0     0   23   19  0  0 100  0  0  0 2026-05-13 12:34:09
 0  0      0 2756044  73932 859060    0    0     0     0   19   18  0  0 100  0  0  0 2026-05-13 12:34:10
 0  0      0 2758092  73932 859060    0    0     0     0   31   30  0  0 100  0  0  0 2026-05-13 12:34:11
 0  0      0 2762188  73932 859060    0    0     0     0   32   32  0  0 100  0  0  0 2026-05-13 12:34:12
 0  0      0 2762188  73932 859060    0    0     0    12   31   25  0  0 100  0  0  0 2026-05-13 12:34:13
 0  0      0 2768140  73936 859060    0    0     0    16   63   59  0  0 100  0  0  0 2026-05-13 12:34:14
 0  0      0 2768108  73936 859060    0    0     0     0   34   23  0  0 100  0  0  0 2026-05-13 12:34:15
 0  0      0 2768108  73936 859060    0    0     0     0   40   40  0  0 100  0  0  0 2026-05-13 12:34:16
 0  0      0 2768108  73936 859060    0    0     0     0   18   18  0  0 100  0  0  0 2026-05-13 12:34:17
 0  0      0 2768108  73936 859060    0    0     0     0   17   20  0  0 100  0  0  0 2026-05-13 12:34:18
 0  0      0 2768108  73936 859060    0    0     0     4   48   31  0  0 100  0  0  0 2026-05-13 12:34:19
 0  0      0 2768108  73940 859060    0    0     0    12   30   32  0  0 100  0  0  0 2026-05-13 12:34:20
 0  0      0 2768108  73940 859060    0    0     0     0  142   94  0  0 100  0  0  0 2026-05-13 12:34:21
 0  0      0 2768108  73940 859060    0    0     0     0  195  107  1  1 98  0  0  0 2026-05-13 12:34:22
 0  0      0 2768108  73940 859060    0    0     0     0  214  120  1  0 100  0  0  0 2026-05-13 12:34:23
 0  0      0 2768108  73940 859060    0    0     0     0   86   52  0  0 100  0  0  0 2026-05-13 12:34:24
 8  0      0 2369536  73944 859060    0    0     0    24 7530 22198 34 36 29  0  0  0 2026-05-13 12:34:25
 8  0      0 2520140  73948 859060    0    0     0    20 11209 30148 35 65  0  0  0  0 2026-05-13 12:34:26
 8  0      0 2485496  73952 859060    0    0     0    20 10160 28768 32 68  0  0  1  0 2026-05-13 12:34:27
 8  0      0 2245620  73956 859060    0    0     0    20 11874 32344 43 57  0  0  1  0 2026-05-13 12:34:28
 8  0      0 2313556  73960 859060    0    0     0    20 10977 31944 39 61  0  0  0  0 2026-05-13 12:34:29
 8  0      0 2212520  73964 859060    0    0     0    20 12513 35215 38 63  0  0  0  0 2026-05-13 12:34:30
 8  0      0 2375208  73972 859060    0    0     0    20 12355 35841 39 61  0  0  1  0 2026-05-13 12:34:31
 8  0      0 2234808  73976 859060    0    0     0    20 11746 32317 40 60  0  0  1  0 2026-05-13 12:34:32
 8  0      0 2350068  73984 859060    0    0     0    20 12600 32228 39 61  0  0  0  0 2026-05-13 12:34:33
 8  0      0 2414012  73984 859060    0    0     0    20 11800 32676 34 66  0  0  1  0 2026-05-13 12:34:34
 8  0      0 2337620  73988 859060    0    0     0    20 11748 31202 34 67  0  0  0  0 2026-05-13 12:34:35
 8  0      0 2243332  73992 859060    0    0     0    20 13666 33894 40 60  0  0  0  0 2026-05-13 12:34:36
 8  0      0 2351852  73996 859060    0    0     0    20 13820 38548 45 55  0  0  1  0 2026-05-13 12:34:37
 8  0      0 2364512  74000 859060    0    0     0    20 12801 34310 41 60  0  0  0  0 2026-05-13 12:34:38
 8  0      0 2184204  74004 859060    0    0     0    20 12099 32899 44 56  0  0  0  0 2026-05-13 12:34:39
 7  1      0 2273348  74012 859064    0    0     0    40 12867 33823 35 63  0  1  0  0 2026-05-13 12:34:40
 8  0      0 2436968  74016 859064    0    0     0    20 11371 30745 32 67  0  1  0  0 2026-05-13 12:34:41
 8  0      0 2329964  74024 859064    0    0     0    20 11763 31880 40 60  0  1  0  0 2026-05-13 12:34:42
 8  0      0 2379656  74028 859064    0    0     0    20 12629 33623 33 66  0  1  1  0 2026-05-13 12:34:43
 8  0      0 2284260  74036 859064    0    0     0    20 14269 37515 30 69  0  1  0  0 2026-05-13 12:34:44
 8  0      0 2310748  74040 859064    0    0     0    20 12142 31521 39 60  1  1  0  0 2026-05-13 12:34:45
 8  0      0 2354236  74048 859064    0    0     0    20 12205 31983 38 62  0  0  0  0 2026-05-13 12:34:46
 8  0      0 2181108  74060 859064    0    0     0   156 11409 31268 38 62  0  0  0  0 2026-05-13 12:34:47
 8  0      0 2242200  74068 859064    0    0     0    44 11402 32792 37 63  0  0  1  0 2026-05-13 12:34:48
 8  0      0 2418812  74072 859064    0    0     0    20 13485 36437 38 63  0  0  0  0 2026-05-13 12:34:49
 7  1      0 2237796  74076 859064    0    0     0    20 12403 35309 35 65  0  0  0  0 2026-05-13 12:34:50
 6  2      0 2320608  74080 859064    0    0     0    20 12036 31099 29 69  0  1  0  0 2026-05-13 12:34:51
 8  0      0 2307096  74080 859064    0    0     0    20 11594 32370 51 49  0  0  0  0 2026-05-13 12:34:52
 8  0      0 2212080  74088 859064    0    0     0    20 13961 36305 44 55  0  0  0  0 2026-05-13 12:34:53
 9  0      0 2397028  74092 859064    0    0     0    20 12649 36341 47 53  0  0  0  0 2026-05-13 12:34:54
10  0      0 2282604  74096 859064    0    0     0    20 12004 32191 41 59  0  0  1  0 2026-05-13 12:34:55
10  0      0 2360960  74108 859064    0    0     0   260 13913 34627 39 61  0  0  0  0 2026-05-13 12:34:56
10  0      0 2405124  74116 859068    0    0     0    20 7260 22891 32 51  0  0 17  0 2026-05-13 12:34:57
11  0      0 2374356  74132 859068    0    0     0   344 11093 29613 35 63  0  0  3  0 2026-05-13 12:34:58
 9  0      0 2367828  74140 859068    0    0     0    20 13010 32940 33 67  0  0  0  0 2026-05-13 12:34:59
 9  0      0 2244624  74148 859068    0    0     0   344 12249 31312 37 63  0  0  1  0 2026-05-13 12:35:00
 8  0      0 2228952  74152 859064    0    0     0   176 11439 30448 39 61  0  0  0  0 2026-05-13 12:35:01
 8  0      0 2345264  74168 859068    0    0     0   152 12219 35552 39 61  0  0  1  0 2026-05-13 12:35:02
 8  0      0 2356788  74176 859068    0    0     0    20 10884 29352 37 63  0  0  0  0 2026-05-13 12:35:03
 8  0      0 2272824  74184 859068    0    0     0   196 12057 33628 49 50  0  0  0  0 2026-05-13 12:35:04
 8  0      0 2261704  74192 859068    0    0     0    20 12268 33393 47 53  0  0  0  0 2026-05-13 12:35:05
 8  0      0 2489312  74208 859068    0    0     0   192 10969 29444 36 64  0  0  0  0 2026-05-13 12:35:06
 9  0      0 2472956  74212 859068    0    0     0    20 11829 32252 44 56  0  0  0  0 2026-05-13 12:35:07
 9  0      0 2145076  74232 859064    0    0     0   196 15056 38314 43 57  0  0  0  0 2026-05-13 12:35:08
 8  0      0 2083452  74240 859068    0    0     0   196 11037 30391 39 61  0  0  1  0 2026-05-13 12:35:09
 9  1      0 2291856  74248 859068    0    0     0    44 12058 31198 34 67  0  0  0  0 2026-05-13 12:35:10
 9  0      0 2331676  74252 859068    0    0     0    20 12669 31787 40 60  0  0  0  0 2026-05-13 12:35:11
 9  0      0 2242272  74260 859068    0    0     0    20 11896 30627 31 69  0  0  0  0 2026-05-13 12:35:12
 9  0      0 2119072  74268 859068    0    0     0    20 13009 33213 37 63  0  0  0  0 2026-05-13 12:35:13
 8  0      0 2421252  74272 859068    0    0     0    20 11310 31449 34 66  0  0  0  0 2026-05-13 12:35:14
 8  0      0 2403164  74280 859068    0    0     0    20 12597 37273 43 57  0  0  0  0 2026-05-13 12:35:15
 8  0      0 2207916  74284 859068    0    0     0    20 10587 31166 40 60  0  0  1  0 2026-05-13 12:35:16
 8  0      0 2322500  74284 859068    0    0     0    20 12194 31667 33 67  0  0  0  0 2026-05-13 12:35:17
 0  0      0 2578936  74284 859072    0    0     0    40 5438 15191 22 24 55  0  0  0 2026-05-13 12:35:18
 0  0      0 2587128  74284 859072    0    0     0     0  251  123  0  1 99  0  0  0 2026-05-13 12:35:19
 0  0      0 2595572  74284 859072    0    0     0     0  250  148  0  0 99  0  0  0 2026-05-13 12:35:20
 0  0      0 2605812  74284 859072    0    0     0     0  227  124  0  0 100  0  0  0 2026-05-13 12:35:21
 0  0      0 2622196  74284 859072    0    0     0     0   23   21  0  0 100  0  0  0 2026-05-13 12:35:22
 0  0      0 2638580  74284 859072    0    0     0     0  140   88  0  0 100  0  0  0 2026-05-13 12:35:23
 0  0      0 2654964  74288 859072    0    0     0    16  223  134  0  0 99  0  0  0 2026-05-13 12:35:24
 0  0      0 2671348  74288 859072    0    0     0     0  208  129  0  1 99  0  0  0 2026-05-13 12:35:25
 0  0      0 2679540  74288 859072    0    0     0     0  222  168  0  1 100  0  0  0 2026-05-13 12:35:26
 0  0      0 2693876  74288 859072    0    0     0     0  234  166  1  1 99  0  0  0 2026-05-13 12:35:27
 0  0      0 2708212  74288 859072    0    0     0     0  219  137  0  0 99  0  0  0 2026-05-13 12:35:28
 2  0      0 2689024  74288 859072    0    0     0     4  250  180  0  1 99  0  0  0 2026-05-13 12:35:29
 7  0      0 2513052  74296 859064    0    0     0    20 13893 36488 37 63  0  0  1  0 2026-05-13 12:35:30
 7  0      0 2383080  74300 859072    0    0     0    20 12596 35336 33 66  0  0  0  0 2026-05-13 12:35:31
 6  1      0 2342580  74308 859072    0    0     0    20 12894 33706 21 70 10  0  0  0 2026-05-13 12:35:32
 7  0      0 2393444  74312 859072    0    0     0    20 14915 39453 33 68  0  0  0  0 2026-05-13 12:35:33
 7  0      0 2303216  74316 859072    0    0     0    20 13259 37027 32 68  0  0  0  0 2026-05-13 12:35:34
 7  0      0 2329076  74324 859072    0    0     0    20 13663 35980 31 50  20  0  0  0 2026-05-13 12:35:35
 7  0      0 2358380  74336 859064    0    0     0   324 13778 34624 36 63  0  0  0  0 2026-05-13 12:35:36
 7  0      0 2367488  74348 859072    0    0     0    56 13193 38082 29 60  11  0  0  0 2026-05-13 12:35:37
 7  0      0 2214960  74364 859064    0    0     0   296 13461 37380 34 66  0  0  0  0 2026-05-13 12:35:38
 5  2      0 2193400  74372 859072    0    0     0    44 13661 36044 30 50  20  0  0  0 2026-05-13 12:35:39
 7  0      0 2260840  74380 859072    0    0     0    20 13148 35317 23 60  16  2  0  0 2026-05-13 12:35:40
 7  0      0 2316648  74384 859072    0    0     0    20 13178 35258 32 69  0  0  0  0 2026-05-13 12:35:41
 7  0      0 2486400  74388 859072    0    0     0    20 12003 32840 33 67  0  0  1  0 2026-05-13 12:35:42
 7  0      0 2349944  74392 859072    0    0     0    20 11806 33454 30 50  20  0  0  0 2026-05-13 12:35:43
 7  0      0 2288876  74396 859072    0    0     0    20 13704 35296 31 50  20  0  0  0 2026-05-13 12:35:44
 7  0      0 2317076  74400 859072    0    0     0    20 13331 36234 34 66  0  0  0  0 2026-05-13 12:35:45
 7  0      0 2282520  74404 859072    0    0     0    20 12919 36261 33 66  0  0  0  0 2026-05-13 12:35:46
 6  1      0 2283148  74412 859072    0    0     0    20 11901 36964 28 60  13  0  0  0 2026-05-13 12:35:47
 7  0      0 2326724  74416 859072    0    0     0    20 11649 30962 32 68  0  0  0  0 2026-05-13 12:35:48
 7  0      0 2195420  74420 859072    0    0     0    20 11474 35382 35 65  0  0  1  0 2026-05-13 12:35:49
 7  0      0 2298000  74420 859072    0    0     0    20 12243 33689 37 63  0  0  0  0 2026-05-13 12:35:50
 8  0      0 2215268  74424 859072    0    0     0    20 11207 33190 29 71  0  0  1  0 2026-05-13 12:35:51
 7  0      0 2260180  74428 859072    0    0     0    20 12690 35134 29 60  11  0  0  0 2026-05-13 12:35:52
 7  0      0 2233320  74436 859072    0    0     0    20 12664 33249 25 60  14  0  0  0 2026-05-13 12:35:53
 7  0      0 2361924  74440 859072    0    0     0    20 15029 40672 30 70  0  1  0  0 2026-05-13 12:35:54
 7  0      0 2250816  74444 859072    0    0     0    20 13141 35148 28 70  1  1  0  0 2026-05-13 12:35:55
 7  0      0 2140156  74444 859072    0    0     0    20 11924 32947 35 64  0  0  0  0 2026-05-13 12:35:56
 7  0      0 2373068  74448 859076    0    0     0    40 12277 35232 26 60  14  0  0  0 2026-05-13 12:35:57
 7  0      0 2318056  74452 859076    0    0     0    20 13112 35397 20 80  0  0  1  0 2026-05-13 12:35:58
 7  0      0 2395856  74460 859076    0    0     0    20 13878 36568 29 60  11  0  0  0 2026-05-13 12:35:59
 7  0      0 2299296  74460 859076    0    0     0    20 13764 34581 25 60  15  0  0  0 2026-05-13 12:36:00
 7  1      0 2345760  74464 859076    0    0     0    20 13143 36013 25 60  14  0  0  0 2026-05-13 12:36:01
 7  0      0 2193200  74468 859076    0    0     0    20 12799 35514 35 65  0  0  0  0 2026-05-13 12:36:02
 6  1      0 2287740  74472 859076    0    0     0    20 13294 36718 38 63  0  0  0  0 2026-05-13 12:36:03
 5  2      0 2105456  74476 859076    0    0     0    20 13401 35956 26 74  0  0  1  0 2026-05-13 12:36:04
 6  1      0 2390952  74480 859076    0    0     0    20 13727 36978 37 64  0  0  0  0 2026-05-13 12:36:05
 7  0      0 2393032  74484 859076    0    0     0    20 12502 34201 26 60  14  0  0  0 2026-05-13 12:36:06
 0  0      0 2628280  74484 859076    0    0     0    20 15927 40886 24 75  0  2  0  0 2026-05-13 12:36:07
 0  0      0 2636256  74484 859076    0    0     0     0  236  116  1  0 99  0  0  0 2026-05-13 12:36:08
 8  0      0 2540792  74484 859076    0    0     0    20  543  822  4  3 93  0  0  0 2026-05-13 12:36:09
 8  0      0 2419564  74484 859076    0    0     0    20 12883 35369 28 60  12  0  0  0 2026-05-13 12:36:10
 7  0      0 2362252  74488 859076    0    0     0    20 13423 37570 26 60  14  0  0  0 2026-05-13 12:36:11
 7  0      0 2366388  74496 859076    0    0     0    20 12735 34327 26 60  14  0  0  0 2026-05-13 12:36:12
 5  2      0 2306012  74500 859076    0    0     0    20 13885 36169 20 70 10  0  0  0 2026-05-13 12:36:13
 5  2      0 2191512  74504 859076    0    0     0    20 12388 33395 28 60  13  0  0  0 2026-05-13 12:36:14
 0  0      0 2537700  74512 859076    0    0     0    32 6803 17745 12 38 51  0  0  0 2026-05-13 12:36:15
 0  0      0 2554084  74512 859076    0    0     0     0  297  137  1  0 98  0  0  0 2026-05-13 12:36:16
 0  0      0 2569968  74512 859076    0    0     0     0  313  159  0  2 97  0  0  0 2026-05-13 12:36:17
 0  0      0 2578160  74512 859076    0    0     0     0  257  111  1  2 97  0  0  0 2026-05-13 12:36:18
 0  0      0 2594544  74512 859076    0    0     0     0  234  120  0  1 99  0  0  0 2026-05-13 12:36:19
 0  0      0 2610928  74512 859076    0    0     0     0   26   24  0  0 100  0  0  0 2026-05-13 12:36:20
 0  0      0 2627312  74516 859076    0    0     0    12   82  133  0  0 100  0  0  0 2026-05-13 12:36:21
 0  0      0 2627312  74516 859076    0    0     0     0   19   14  0  0 100  0  0  0 2026-05-13 12:36:22
 0  0      0 2643696  74516 859076    0    0     0     0  158   89  0  0 100  0  0  0 2026-05-13 12:36:23
 0  0      0 2660080  74516 859076    0    0     0     0  236  122  0  0 100  0  0  0 2026-05-13 12:36:24
 0  0      0 2676464  74516 859076    0    0     0     0   94   49  0  0 100  0  0  0 2026-05-13 12:36:25
 0  0      0 2692848  74516 859076    0    0     0     0   45   48  0  0 100  0  0  0 2026-05-13 12:36:26
 0  0      0 2709232  74524 859076    0    0     0    12  219  165  0  0 100  0  0  0 2026-05-13 12:36:27
 0  0      0 2725616  74524 859076    0    0     0     0  243  121  0  1 99  0  0  0 2026-05-13 12:36:28
 0  0      0 2739952  74524 859076    0    0     0     0  212  131  0  1 99  0  0  0 2026-05-13 12:36:29
 0  0      0 2752272  74524 859076    0    0     0     0  293  206  0  2 98  0  0  0 2026-05-13 12:36:30
 6  0      0 2406632  74528 859072    0    0     0    28 4212 11408 11 18 50  20  0  0 2026-05-13 12:36:31
 5  1      0 2529700  74532 859076    0    0     0    20 16458 46215 38 62  0  0  0  0 2026-05-13 12:36:32
 6  1      0 2505528  74536 859076    0    0     0    20 17958 47219 41 59  0  0  0  0 2026-05-13 12:36:33
 6  0      0 2438504  74540 859076    0    0     0    20 15831 43393 34 66  0  0  0  0 2026-05-13 12:36:34
 4  2      0 2465616  74544 859080    0    0     0    40 14893 42032 34 66  0  0  0  0 2026-05-13 12:36:35
 6  0      0 2409028  74548 859080    0    0     0    20 17270 45877 44 56  0  0  0  0 2026-05-13 12:36:36
 6  0      0 2345912  74552 859080    0    0     0    20 14713 40526 39 61  0  0  0  0 2026-05-13 12:36:37
 6  0      0 2511008  74556 859080    0    0     0    20 15676 42970 32 68  0  0  0  0 2026-05-13 12:36:38
 6  0      0 2426860  74560 859080    0    0     0    20 15668 46481 42 59  0  0  0  0 2026-05-13 12:36:39
 6  0      0 2416756  74564 859080    0    0     0    20 15760 43909 34 66  0  0  0  0 2026-05-13 12:36:40
 6  0      0 2546080  74572 859080    0    0     0    20 15418 42854 37 63  0  0  1  0 2026-05-13 12:36:41
 6  0      0 2406512  74576 859080    0    0     0    20 17170 47031 34 66  0  0  0  0 2026-05-13 12:36:42
 6  0      0 2351544  74584 859080    0    0     0    20 18027 50657 37 63  0  0  0  0 2026-05-13 12:36:43
 6  0      0 2381832  74584 859080    0    0     0    20 16020 42565 33 68  0  0  0  0 2026-05-13 12:36:44
 6  0      0 2387160  74588 859080    0    0     0    20 16954 44519 38 61  0  0  0  0 2026-05-13 12:36:45
 6  0      0 2458860  74592 859080    0    0     0    20 16718 46115 39 60  0  1  0  0 2026-05-13 12:36:46
 7  0      0 2389804  74596 859080    0    0     0    20 14583 39231 27 60  14  0  0  0 2026-05-13 12:36:47
 6  0      0 2490660  74600 859080    0    0     0    20 15838 43710 26 60  14  0  0  0 2026-05-13 12:36:48
 6  0      0 2420464  74604 859080    0    0     0    20 16721 44307 37 63  0  0  0  0 2026-05-13 12:36:49
 4  2      0 2435412  74608 859080    0    0     0    20 17041 43286 37 64  0  0  0  0 2026-05-13 12:36:50
 6  0      0 2418032  74612 859080    0    0     0    20 17024 43083 34 66  0  0  0  0 2026-05-13 12:36:51
 6  0      0 2388300  74616 859080    0    0     0    20 17996 50208 34 65  0  1  0  0 2026-05-13 12:36:52
 6  0      0 2293300  74624 859080    0    0     0    20 18064 47863 36 63  1  1  0  0 2026-05-13 12:36:53
 6  0      0 2475496  74640 859068    0    0     0   424 15653 42367 29 60  12  0  0  0 2026-05-13 12:36:54
 6  0      0 2486884  74648 859080    0    0     0    44 15791 43375 39 61  0  0  0  0 2026-05-13 12:36:55
 4  2      0 2477812  74668 859076    0    0     0   324 14185 41444 37 62  0  0  1  0 2026-05-13 12:36:56
 6  0      0 2338396  74676 859076    0    0     0   180 15614 43423 38 62  0  0  0  0 2026-05-13 12:36:57
 6  0      0 2461940  74688 859068    0    0     0   336 16680 46341 42 58  0  0  0  0 2026-05-13 12:36:58
 6  0      0 2548648  74696 859080    0    0     0    44 15668 43040 32 67  0  0  0  0 2026-05-13 12:36:59
 6  0      0 2493720  74712 859076    0    0     0   192 16323 43217 37 63  0  1  0  0 2026-05-13 12:37:00
 6  0      0 2508524  74716 859080    0    0     0    20 15622 44089 36 64  0  0  0  0 2026-05-13 12:37:01
 6  0      0 2396272  74728 859076    0    0     0   336 17334 46532 33 67  0  0  0  0 2026-05-13 12:37:02
 6  0      0 2549904  74736 859080    0    0     0    20 16335 45635 37 63  0  0  0  0 2026-05-13 12:37:03
 6  0      0 2434884  74744 859080    0    0     0   184 16137 45123 38 62  0  0  0  0 2026-05-13 12:37:04
 6  0      0 2329980  74748 859080    0    0     0    20 16296 44904 46 54  0  0  0  0 2026-05-13 12:37:05
 6  0      0 2467060  74752 859084    0    0     0   224 14237 39335 34 65  0  0  0  0 2026-05-13 12:37:06
 4  2      0 2479548  74756 859084    0    0     0    20 17032 45790 37 64  0  0  0  0 2026-05-13 12:37:07
 6  0      0 2369308  74780 859076    0    0     0   184 15932 45056 38 61  0  0  0  0 2026-05-13 12:37:08
 7  0      0 2322148  74792 859076    0    0     0   180 16266 43165 35 65  0  0  0  0 2026-05-13 12:37:09
 6  0      0 2414044  74800 859084    0    0     0    44 15668 43199 32 69  0  0  0  0 2026-05-13 12:37:10
 6  0      0 2406308  74808 859080    0    0     0   164 15324 41677 28 60  12  0  0  0 2026-05-13 12:37:11
 6  0      0 2418564  74812 859084    0    0     0    44 17309 47557 40 60  0  0  0  0 2026-05-13 12:37:12
 5  1      0 2424668  74832 859076    0    0     0   392 17810 49355 43 58  0  0  0  0 2026-05-13 12:37:13
 6  0      0 2384848  74836 859088    0    0     0    20 16809 45584 38 61  0  0  0  0 2026-05-13 12:37:14
 6  0      0 2551096  74844 859088    0    0     0    20 16130 45408 35 66  0  0  0  0 2026-05-13 12:37:15
 6  0      0 2395624  74848 859088    0    0     0    20 16578 43761 36 64  0  0  0  0 2026-05-13 12:37:16
 0  0      0 2599300  74852 859088    0    0     0    20 9814 27150 27 35 39  0  0  0 2026-05-13 12:37:17
 0  0      0 2615684  74852 859088    0    0     0     0  213  108  0  1 100  0  0  0 2026-05-13 12:37:18
 0  0      0 2632068  74852 859088    0    0     0     0  173  103  0  0 100  0  0  0 2026-05-13 12:37:19
 0  0      0 2648452  74852 859088    0    0     0     0  251  144  1  1 99  0  0  0 2026-05-13 12:37:20
 0  0      0 2664836  74852 859088    0    0     0     0  279  191  0  1 99  0  0  0 2026-05-13 12:37:21
 0  0      0 2680968  74852 859088    0    0     0     0  264  156  1  1 99  0  0  0 2026-05-13 12:37:22
 4  0      0 2583452  74856 859088    0    0     0    20 17591 44630 29 50  20  0  0  0 2026-05-13 12:37:23
 5  0      0 2517740  74860 859088    0    0     0    20 16446 43943 22 60  16  2  0  0 2026-05-13 12:37:24
 5  0      0 2373536  74864 859088    0    0     0    20 15887 41832 22 77  0  1  0  0 2026-05-13 12:37:25
 5  1      0 2492324  74868 859088    0    0     0    20 16208 43651 21 79  0  0  1  0 2026-05-13 12:37:26
 5  0      0 2369160  74876 859088    0    0     0    20 15759 41221 22 60  16  2  0  0 2026-05-13 12:37:27
 5  0      0 2423100  74880 859088    0    0     0    20 17316 46373 31 69  0  0  0  0 2026-05-13 12:37:28
 5  1      0 2577028  74880 859088    0    0     0    20 17317 46107 22 60  16  2  0  0 2026-05-13 12:37:29
 5  0      0 2440432  74880 859088    0    0     0    20 15144 41537 26 74  0  0  1  0 2026-05-13 12:37:30
 5  0      0 2484132  74880 859088    0    0     0    20 14689 42247 23 60  15  2  0  0 2026-05-13 12:37:31
 6  0      0 2425160  74888 859088    0    0     0    20 17195 47324 22 78  0  0  1  0 2026-05-13 12:37:32
 5  0      0 2462880  74892 859088    0    0     0    20 16419 44463 26 60  15  0  0  0 2026-05-13 12:37:33
 5  0      0 2431292  74896 859088    0    0     0    20 16491 45845 27 60  14  0  0  0 2026-05-13 12:37:34
 5  0      0 2382588  74896 859088    0    0     0    20 16407 45422 19 80  0  1  0  0 2026-05-13 12:37:35
 5  0      0 2533352  74904 859088    0    0     0    20 19100 47696 24 74  0  2  1  0 2026-05-13 12:37:36
 3  1      0 2381940  74904 859088    0    0     0    20 18225 49450 27 72  0  1  0  0 2026-05-13 12:37:37
 6  0      0 2664928  74908 859088    0    0     0    20 17270 44305 28 71  1  1  0  0 2026-05-13 12:37:38
 5  0      0 2374624  74908 859088    0    0     0    20 15450 44103 30 50  20  0  0  0 2026-05-13 12:37:39
 5  0      0 2520264  74916 859084    0    0     0    36 17636 47135 27 60  13  0  0  0 2026-05-13 12:37:40
 5  0      0 2395144  74920 859088    0    0     0    20 17012 47834 27 60  13  0  0  0 2026-05-13 12:37:41
 3  2      0 2330760  74920 859088    0    0     0    20 17242 47395 26 60  14  0  0  0 2026-05-13 12:37:42
 5  0      0 2400276  74924 859088    0    0     0    20 17268 47583 21 60  16  2  0  0 2026-05-13 12:37:43
 5  0      0 2417360  74928 859088    0    0     0    20 16686 47444 30 60  11  0  0  0 2026-05-13 12:37:44
 5  0      0 2414280  74936 859088    0    0     0    20 17042 45508 28 60  12  0  0  0 2026-05-13 12:37:45
 5  0      0 2420668  74940 859088    0    0     0    20 14968 40880 22 77  0  0  1  0 2026-05-13 12:37:46
 5  0      0 2441744  74944 859088    0    0     0    20 15802 43191 22 79  0  0  0  0 2026-05-13 12:37:47
 5  0      0 2317892  74944 859088    0    0     0    20 17282 48330 28 60  12  0  0  0 2026-05-13 12:37:48
 0  0      0 2704136  74948 859088    0    0     0    20 14864 39394 17 67 15  0  0  0 2026-05-13 12:37:49
 0  0      0 2712104  74948 859088    0    0     0     0  283  119  1  1 99  0  0  0 2026-05-13 12:37:50
 0  0      0 2720296  74948 859088    0    0     0     0  268  147  0  1 100  0  0  0 2026-05-13 12:37:51
 0  0      0 2728488  74948 859092    0    0     0     0  239  126  1  1 99  0  0  0 2026-05-13 12:37:52
 0  0      0 2736680  74948 859092    0    0     0     0  260  158  1  0 99  0  0  0 2026-05-13 12:37:53
 0  0      0 2744872  74948 859092    0    0     0     0  205  114  0  1 100  0  0  0 2026-05-13 12:37:54
 0  0      0 2753064  74956 859092    0    0     0    20  206  126  1  0 98  0  0  0 2026-05-13 12:37:55
 0  0      0 2761256  74956 859092    0    0     0     0   33   32  0  0 100  0  0  0 2026-05-13 12:37:56
 0  0      0 2769448  74956 859092    0    0     0     0   77   65  0  0 100  0  0  0 2026-05-13 12:37:57
 0  0      0 2777640  74956 859092    0    0     0     0  205  118  0  1 99  0  0  0 2026-05-13 12:37:58
 0  0      0 2785832  74956 859092    0    0     0     0  215  138  1  0 99  0  0  0 2026-05-13 12:37:59
 0  0      0 2791976  74964 859092    0    0     0    24  250  153  0  0 99  0  0  0 2026-05-13 12:38:00
 0  0      0 2796072  74964 859092    0    0     0     4  276  178  0  1 99  0  0  0 2026-05-13 12:38:01
 0  0      0 2802216  74964 859092    0    0     0     0  242  127  0  1 99  0  0  0 2026-05-13 12:38:02
 0  0      0 2802216  74964 859092    0    0     0     0  237  121  1  0 100  0  0  0 2026-05-13 12:38:03
 0  0      0 2802216  74964 859092    0    0     0     0  122   57  1  0 100  0  0  0 2026-05-13 12:38:04
 0  0      0 2802216  74964 859092    0    0     0     0  176   94  0  1 100  0  0  0 2026-05-13 12:38:05
 0  0      0 2802216  74964 859092    0    0     0    12  246  143  0  1 99  0  0  0 2026-05-13 12:38:06
 4  0      0 2472884  74972 859084    0    0     0    32 8371 23837 31 66  3  0  0  0 2026-05-13 12:38:07
 4  0      0 2508804  74972 859092    0    0     0    20 8357 22963 30 60  11  0  0  0 2026-05-13 12:38:08
 4  0      0 2454356  74976 859092    0    0     0    20 9161 26848 29 60  11  0  0  0 2026-05-13 12:38:09
 4  0      0 2394856  74980 859092    0    0     0    20 8770 26878 26 74  0  0  1  0 2026-05-13 12:38:10
 4  0      0 2476012  74984 859092    0    0     0    20 9226 24188 23 60  15  2  0  0 2026-05-13 12:38:11
 4  0      0 2384368  74988 859092    0    0     0    20 8377 23463 32 68  0  0  0  0 2026-05-13 12:38:12
 4  0      0 2444592  74992 859092    0    0     0    20 8143 23562 33 67  0  0  0  0 2026-05-13 12:38:13
 4  0      0 2330652  74996 859092    0    0     0    20 8391 24138 28 60  12  0  0  0 2026-05-13 12:38:14
 3  1      0 2376544  75016 859216    0    0     0   336 9376 26175 25 60  15  0  0  0 2026-05-13 12:38:15
 4  0      0 2343748  75016 859220    0    0     0    20 9483 27778 28 60  12  0  0  0 2026-05-13 12:38:16
 3  1      0 2497676  75032 859216    0    0     0   328 7419 22076 25 60  15  0  0  0 2026-05-13 12:38:17
 3  1      0 2541776  75032 859220    0    0     0    20 7769 21043 29 60  11  0  0  0 2026-05-13 12:38:18
 4  0      0 2348960  75032 859220    0    0     0    20 8165 21643 29 60  11  0  0  0 2026-05-13 12:38:19
 4  0      0 2405112  75036 859220    0    0     0    20 8496 23679 27 60  13  0  0  0 2026-05-13 12:38:20
 3  1      0 2385576  75044 859220    0    0     0    20 9092 23994 23 60  15  2  0  0 2026-05-13 12:38:21
 4  0      0 2613632  75052 859220    0    0     0    20 8357 24190 26 60  15  0  0  0 2026-05-13 12:38:22
 4  0      0 2376204  75056 859220    0    0     0    20 9186 25053 27 60  13  0  0  0 2026-05-13 12:38:23
 4  0      0 2458332  75060 859220    0    0     0    20 8351 25596 28 60  12  0  0  0 2026-05-13 12:38:24
 4  0      0 2416040  75060 859220    0    0     0    20 9583 24301 22 60  16  2  0  0 2026-05-13 12:38:25
 4  0      0 2390200  75064 859220    0    0     0    20 8705 22401 22 60  15  2  0  0 2026-05-13 12:38:26
 4  0      0 2447404  75068 859220    0    0     0    20 8313 22790 23 60  15  2  0  0 2026-05-13 12:38:27
 4  0      0 2418100  75072 859220    0    0     0    20 8654 23665 26 60  14  0  0  0 2026-05-13 12:38:28
 4  0      0 2329220  75072 859220    0    0     0    20 8923 21702 32 68  0  0  0  0 2026-05-13 12:38:29
 3  1      0 2435412  75072 859220    0    0     0    20 8546 24045 30 50  20  0  0  0 2026-05-13 12:38:30
 4  0      0 2460544  75076 859224    0    0     0    48 8308 22576 26 60  14  0  0  0 2026-05-13 12:38:31
 5  0      0 2407480  75080 859224    0    0     0    20 8972 23384 29 60  12  0  0  0 2026-05-13 12:38:32
 4  0      0 2635920  75080 859224    0    0     0    20 8856 22945 27 60  14  0  0  0 2026-05-13 12:38:33
 4  0      0 2418572  75084 859224    0    0     0    20 8347 22617 29 50  20  0  0  0 2026-05-13 12:38:34
 4  0      0 2586096  75084 859224    0    0     0    20 8872 25651 31 69  0  0  0  0 2026-05-13 12:38:35
 4  0      0 2382044  75088 859224    0    0     0    20 10855 29200 25 60  15  0  0  0 2026-05-13 12:38:36
 5  0      0 2394280  75100 859216    0    0     0   208 8434 22103 28 60  12  0  0  0 2026-05-13 12:38:37
 4  0      0 2389316  75108 859224    0    0     0    44 9450 22902 28 60  13  0  0  0 2026-05-13 12:38:38
 3  1      0 2397576  75116 859224    0    0     0   164 8822 21945 21 79  0  0  0  0 2026-05-13 12:38:39
 4  0      0 2613836  75132 859224    0    0     0    44 8878 25221 23 60  15  2  0  0 2026-05-13 12:38:40
 5  0      0 2372640  75136 859224    0    0     0    20 8169 21492 28 60  12  0  0  0 2026-05-13 12:38:41
 4  0      0 2417608  75148 859220    0    0     0   184 8515 22659 25 60  15  0  0  0 2026-05-13 12:38:42
 4  0      0 2477060  75156 859224    0    0     0    40 9267 26675 24 60  15  2  0  0 2026-05-13 12:38:43
 4  0      0 2404624  75160 859224    0    0     0    20 9308 27740 27 60  13  0  0  0 2026-05-13 12:38:44
 4  0      0 2404896  75164 859224    0    0     0    20 11868 27889 27 60  13  0  0  0 2026-05-13 12:38:45
 3  1      0 2419680  75168 859224    0    0     0    20 8983 24108 25 60  15  0  0  0 2026-05-13 12:38:46
 4  0      0 2482728  75176 859224    0    0     0    20 9725 26930 30 50  20  0  0  0 2026-05-13 12:38:47
 4  0      0 2445352  75184 859224    0    0     0    20 9058 24464 24 60  16  0  0  0 2026-05-13 12:38:48
 3  1      0 2501264  75188 859224    0    0     0    20 9394 24303 23 60  15  2  0  0 2026-05-13 12:38:49
 4  0      0 2390296  75196 859224    0    0     0    36 9239 28883 29 60  12  0  0  0 2026-05-13 12:38:50
 4  0      0 2496048  75200 859224    0    0     0    20 7838 24650 27 73  0  0  1  0 2026-05-13 12:38:51
 4  0      0 2401184  75200 859224    0    0     0    20 8349 22934 24 60  16  0  0  0 2026-05-13 12:38:52
 4  0      0 2423784  75204 859224    0    0     0    20 8736 22651 28 60  12  0  0  0 2026-05-13 12:38:53
 4  0      0 2450284  75208 859224    0    0     0    20 7649 21361 33 67  0  0  0  0 2026-05-13 12:38:54
 4  0      0 2429064  75212 859224    0    0     0    20 4188 10140 29 60  11  0  0  0 2026-05-13 12:38:55
 3  1      0 2438908  75216 859224    0    0     0    20 1939 5579 26 60  14  0  0  0 2026-05-13 12:38:56
 4  0      0 2481640  75220 859224    0    0     0    40 2814 8482 34 66  0  0  0  0 2026-05-13 12:38:57
 4  0      0 2454260  75228 859224    0    0     0   232 2612 6661 33 66  0  0  1  0 2026-05-13 12:38:58
 4  0      0 2560808  75232 859220    0    0     0   208 1870 5132 42 58  0  0  0  0 2026-05-13 12:38:59
 4  0      0 2478848  75240 859224    0    0     0    44 1410 4334 34 66  0  0  0  0 2026-05-13 12:39:00
 4  0      0 2376000  75248 859220    0    0     0   168 3273 10696 35 65  0  0  0  0 2026-05-13 12:39:01
 0  0      0 2633600  75252 859224    0    0     0    44 1413 4390  9 32 59  0  0  0 2026-05-13 12:39:02
 0  0      0 2649984  75252 859224    0    0     0     0  268  176  1  0 99  0  0  0 2026-05-13 12:39:03
 0  0      0 2666368  75252 859224    0    0     0     0  226  114  0  1 99  0  0  0 2026-05-13 12:39:04
 0  0      0 2682752  75252 859224    0    0     0     0  106   68  0  0 100  0  0  0 2026-05-13 12:39:05
 0  0      0 2690944  75252 859224    0    0     0     0   26   27  0  0 100  0  0  0 2026-05-13 12:39:06
 0  0      0 2705280  75252 859224    0    0     0     0   72   65  0  0 100  0  0  0 2026-05-13 12:39:07
 0  0      0 2719616  75252 859224    0    0     0    28   53   42  0  0 100  0  0  0 2026-05-13 12:39:08
 0  0      0 2731904  75252 859228    0    0     0     0   47   40  0  0 100  0  0  0 2026-05-13 12:39:09
 0  0      0 2742144  75252 859228    0    0     0     0   18   18  0  0 100  0  0  0 2026-05-13 12:39:10
 0  0      0 2750336  75252 859228    0    0     0     0   68   66  0  0 100  0  0  0 2026-05-13 12:39:11
 0  0      0 2756480  75252 859228    0    0     0     0   36   32  0  0 100  0  0  0 2026-05-13 12:39:12
 0  0      0 2762624  75252 859228    0    0     0     0  254  194  0  1 100  0  0  0 2026-05-13 12:39:13
 0  0      0 2769020  75252 859228    0    0     0    32  287  196  0  1 99  0  0  0 2026-05-13 12:39:14
 0  0      0 2773116  75252 859228    0    0     0     0  215  130  1  0 99  0  0  0 2026-05-13 12:39:15
 0  0      0 2773116  75252 859228    0    0     0     0   66   41  0  0 100  0  0  0 2026-05-13 12:39:16
 0  0      0 2773116  75252 859228    0    0     0     0   26   23  0  0 100  0  0  0 2026-05-13 12:39:17
 0  0      0 2773116  75252 859228    0    0     0     0   16   17  0  0 100  0  0  0 2026-05-13 12:39:18
 0  0      0 2773116  75252 859228    0    0     0    36   95   79  0  0 100  1  0  0 2026-05-13 12:39:19
 0  0      0 2773116  75252 859228    0    0     0     4  220  116  0  1 99  0  0  0 2026-05-13 12:39:20
 0  0      0 2773116  75252 859228    0    0     0     0  205  115  1  0 99  0  0  0 2026-05-13 12:39:21
 0  0      0 2773116  75252 859228    0    0     0     0   17   15  0  0 100  0  0  0 2026-05-13 12:39:22
 0  0      0 2773116  75252 859228    0    0     0     0  207  162  1  0 100  0  0  0 2026-05-13 12:39:23
 0  0      0 2773116  75252 859228    0    0     0    12  230  145  0  1 99  0  0  0 2026-05-13 12:39:24
 0  0      0 2773116  75256 859228    0    0     0    12  256  136  1  0 99  0  0  0 2026-05-13 12:39:25
 0  0      0 2773116  75256 859228    0    0     0     4  265  134  0  1 99  0  0  0 2026-05-13 12:39:26
 6  0      0 2669196  75260 859228    0    0     0   292 4378 13222 23 29 48  0  0  0 2026-05-13 12:39:27
 6  0      0 2421476  75264 859228    0    0     0    20 7981 22532 42 58  0  0  0  0 2026-05-13 12:39:28
 4  1      0 2303580  75264 859228    0    0     0    20 8930 27446 41 59  0  0  0  0 2026-05-13 12:39:29
 5  0      0 2474620  75268 859228    0    0     0    20 8473 26184 38 62  0  0  0  0 2026-05-13 12:39:30
 4  1      0 2360768  75272 859228    0    0     0    20 7487 21145 35 65  0  0  0  0 2026-05-13 12:39:31
 6  0      0 2425596  75276 859228    0    0     0    20 7643 22117 37 63  0  0  0  0 2026-05-13 12:39:32
 5  0      0 2470100  75280 859228    0    0     0    20 8484 25811 39 61  0  0  0  0 2026-05-13 12:39:33
 6  0      0 2298664  75284 859228    0    0     0    20 7377 21902 42 58  0  0  0  0 2026-05-13 12:39:34
 4  1      0 2532108  75288 859228    0    0     0    20 7596 21027 32 68  0  0  0  0 2026-05-13 12:39:35
 5  0      0 2324088  75288 859228    0    0     0    20 7434 19265 46 53  0  0  0  0 2026-05-13 12:39:36
 5  0      0 2422212  75292 859228    0    0     0    20 6787 18959 36 64  0  0  1  0 2026-05-13 12:39:37
 5  0      0 2363772  75300 859228    0    0     0    20 8236 23351 39 61  0  0  0  0 2026-05-13 12:39:38
 5  0      0 2420660  75316 859224    0    0     0   392 7407 23224 38 63  0  0  0  0 2026-05-13 12:39:39
 5  0      0 2583892  75316 859232    0    0     0    20 7648 21031 36 64  0  0  0  0 2026-05-13 12:39:40
 5  0      0 2447692  75332 859224    0    0     0   184 7394 21757 41 59  0  0  0  0 2026-05-13 12:39:41
 5  0      0 2661288  75344 859228    0    0     0   160 8489 25148 45 55  0  0  0  0 2026-05-13 12:39:42
 4  1      0 2476432  75352 859232    0    0     0    44 7775 22745 37 64  0  0  0  0 2026-05-13 12:39:43
 5  0      0 2406264  75360 859232    0    0     0    20 7756 22024 32 68  0  0  0  0 2026-05-13 12:39:44
 5  0      0 2433720  75364 859232    0    0     0    20 8768 24743 34 66  0  0  0  0 2026-05-13 12:39:45
 5  0      0 2410808  75372 859232    0    0     0    20 7206 22384 41 59  0  0  0  0 2026-05-13 12:39:46
 5  0      0 2562512  75376 859232    0    0     0    20 8120 23941 41 58  0  0  0  0 2026-05-13 12:39:47
 5  0      0 2391444  75380 859236    0    0     0    48 8075 21329 37 64  0  0  0  0 2026-05-13 12:39:48
 0  0      0 2603004  75384 859236    0    0     0    20 1901 4959 11 13 60  15  2  0 2026-05-13 12:39:49
 0  0      0 2619388  75384 859236    0    0     0     0  194  118  1  0 99  0  0  0 2026-05-13 12:39:50
 0  0      0 2635772  75384 859236    0    0     0     0  254  180  0  0 100  0  0  0 2026-05-13 12:39:51
 0  0      0 2652156  75384 859236    0    0     0     0  228  110  0  1 99  0  0  0 2026-05-13 12:39:52
 0  0      0 2668540  75384 859236    0    0     0     0  228  117  0  0 100  0  0  0 2026-05-13 12:39:53
 0  0      0 2676732  75384 859236    0    0     0     0   40   30  0  0 100  0  0  0 2026-05-13 12:39:54
 0  0      0 2693116  75388 859236    0    0     0    16   51   56  0  0 100  0  0  0 2026-05-13 12:39:55
 0  0      0 2707452  75388 859236    0    0     0     0   30   30  0  0 100  0  0  0 2026-05-13 12:39:56
 0  0      0 2713596  75388 859236    0    0     0     0   21   24  0  0 100  0  0  0 2026-05-13 12:39:57
 0  0      0 2725884  75388 859236    0    0     0     0  168  101  0  0 99  0  0  0 2026-05-13 12:39:58
 0  0      0 2736124  75388 859236    0    0     0     0  213  127  0  0 100  0  0  0 2026-05-13 12:39:59
 0  0      0 2744316  75388 859236    0    0     0     0  279  194  1  1 99  0  0  0 2026-05-13 12:40:00
 0  0      0 2744316  75392 859236    0    0     0    20  278  170  1  0 99  0  0  0 2026-05-13 12:40:01
 0  0      0 2752508  75392 859236    0    0     0     0  210  133  1  0 99  0  0  0 2026-05-13 12:40:02
 0  0      0 2760700  75392 859236    0    0     0     0  213  146  0  1 100  0  0  0 2026-05-13 12:40:03
 0  0      0 2766844  75392 859236    0    0     0     0  216  136  0  0 99  0  0  0 2026-05-13 12:40:04
 2  1      0 2703704  75396 859232    0    0     0    24 2763 7131 15 16 68  0  0  0 2026-05-13 12:40:05
 3  0      0 2728280  75400 859236    0    0     0    20 9245 24871 48 52  0  0  0  0 2026-05-13 12:40:06
 3  0      0 2552148  75404 859236    0    0     0    20 10610 27513 46 54  0  0  0  0 2026-05-13 12:40:07
 3  0      0 2588448  75408 859236    0    0     0    20 12130 33351 40 60  0  0  1  0 2026-05-13 12:40:08
 4  0      0 2513492  75416 859236    0    0     0    20 11028 39066 36 64  0  0  0  0 2026-05-13 12:40:09
 3  0      0 2651692  75420 859236    0    0     0    20 10058 33988 38 62  0  0  1  0 2026-05-13 12:40:10
 4  0      0 2601604  75420 859236    0    0     0    20 13536 36311 38 62  0  0  0  0 2026-05-13 12:40:11
 4  0      0 2712196  75424 859236    0    0     0    20 10466 36608 34 66  0  0  0  0 2026-05-13 12:40:12
 3  0      0 2593412  75428 859236    0    0     0    20 11073 39152 34 65  0  0  0  0 2026-05-13 12:40:13
 2  1      0 2687620  75432 859236    0    0     0    20 10651 37873 38 62  0  0  0  0 2026-05-13 12:40:14
 3  0      0 2593412  75440 859236    0    0     0    20 10372 34106 40 60  0  0  0  0 2026-05-13 12:40:15
 3  0      0 2577028  75444 859236    0    0     0    20 10586 36713 35 66  0  0  0  0 2026-05-13 12:40:16
 3  0      0 2667140  75444 859236    0    0     0    20 10714 36190 38 62  0  0  0  0 2026-05-13 12:40:17
 3  0      0 2593412  75444 859236    0    0     0    20 11535 41013 38 62  0  0  1  0 2026-05-13 12:40:18
 2  1      0 2679428  75444 859236    0    0     0    20 11131 40642 33 67  0  0  0  0 2026-05-13 12:40:19
 0  0      0 2748836  75448 859236    0    0     0    20 4501 13330 17 26 58  0  0  0 2026-05-13 12:40:20
 0  0      0 2757028  75448 859236    0    0     0     0  304  214  1  1 99  0  0  0 2026-05-13 12:40:21
 0  0      0 2766380  75448 859236    0    0     0     0  239  148  0  1 99  0  0  0 2026-05-13 12:40:22
 0  0      0 2766380  75448 859236    0    0     0     0  112   64  0  0 100  0  0  0 2026-05-13 12:40:23
 0  0      0 2775084  75448 859236    0    0     0     0   25   17  0  0 100  0  0  0 2026-05-13 12:40:24
 1  0      0 2774928  75448 859236    0    0     0     0   30   29  0  0 100  0  0  0 2026-05-13 12:40:25
 0  0      0 2783072  75452 859236    0    0     0    16   69   72  0  0 100  0  0  0 2026-05-13 12:40:26
 0  0      0 2789216  75452 859240    0    0     0     0   97   77  0  1 100  0  0  0 2026-05-13 12:40:27
 0  0      0 2795360  75452 859240    0    0     0     0  206  123  0  0 100  0  0  0 2026-05-13 12:40:28
 0  0      0 2799456  75452 859240    0    0     0     0  211  144  0  0 99  0  0  0 2026-05-13 12:40:29
 0  0      0 2803552  75452 859240    0    0     0     0  304  293  0  1 99  0  0  0 2026-05-13 12:40:30
 0  0      0 2803552  75452 859240    0    0     0     0  216  145  1  1 99  0  0  0 2026-05-13 12:40:31
 0  0      0 2803552  75456 859240    0    0     0    20  237  150  0  0 100  0  0  0 2026-05-13 12:40:32
 0  0      0 2803552  75456 859240    0    0     0     0  228  186  0  1 99  0  0  0 2026-05-13 12:40:33
 0  0      0 2803552  75456 859240    0    0     0     0  158   98  0  0 100  0  0  0 2026-05-13 12:40:34
 0  0      0 2803552  75456 859240    0    0     0     0  202  156  0  0 100  0  0  0 2026-05-13 12:40:35
 0  0      0 2803552  75456 859240    0    0     0     0  211  135  0  1 99  0  0  0 2026-05-13 12:40:36
 7  0      0 2163396  75464 859240    0    0     0    44 7842 19081  7 45 47  0  0  0 2026-05-13 12:40:37
 7  0      0 2226672  75468 859240    0    0     0    20 15126 35754 15 75 10  0  0  0 2026-05-13 12:40:38
 7  0      0 2331872  75476 859240    0    0     0    20 15065 36079 13 80  7  0  0  0 2026-05-13 12:40:39
 7  0      0 2444728  75480 859240    0    0     0    20 15595 37143 13 80  7  0  0  0 2026-05-13 12:40:40
 7  0      0 2336728  75484 859240    0    0     0    20 15372 36473 12 81  7  0  0  0 2026-05-13 12:40:41
 5  2      0 2385528  75484 859240    0    0     0    20 15848 38339 16 74 10  0  0  0 2026-05-13 12:40:42
 7  0      0 2291376  75484 859240    0    0     0    20 15509 36798 12 89  0  0  0  0 2026-05-13 12:40:43
 7  0      0 2322712  75488 859240    0    0     0    20 14626 34693 13 80  7  0  0  0 2026-05-13 12:40:44
 7  0      0 2139116  75492 859240    0    0     0    20 15843 37700 14 75 10  0  0  0 2026-05-13 12:40:45
 7  1      0 2185384  75496 859240    0    0     0    20 14545 35222 19 81  0  0  0  0 2026-05-13 12:40:46
 7  0      0 2268920  75500 859240    0    0     0    20 15215 36375 13 80  7  0  0  0 2026-05-13 12:40:47
 5  2      0 2289220  75504 859240    0    0     0    20 15707 38664 17 83  0  0  1  0 2026-05-13 12:40:48
 7  0      0 2254796  75508 859240    0    0     0    32 14977 35512 14 80  6  0  0  0 2026-05-13 12:40:49
 7  0      0 2243564  75512 859240    0    0     0    20 15093 35897 14 80  7  0  0  0 2026-05-13 12:40:50
 7  0      0 2305004  75516 859240    0    0     0    20 15125 36196 15 75 10  0  0  0 2026-05-13 12:40:51
 7  0      0 2354780  75524 859240    0    0     0    20 14762 35321 13 80  7  0  0  0 2026-05-13 12:40:52
 6  3      0 2441200  75528 859240    0    0     0    20 14989 36017 16 74 10  0  0  0 2026-05-13 12:40:53
 7  1      0 2374620  75532 859240    0    0     0    20 15210 36404 12 81  7  0  0  0 2026-05-13 12:40:54
 7  0      0 2285524  75536 859240    0    0     0    20 15234 38738 18 72 10  0  0  0 2026-05-13 12:40:55
 7  0      0 2233196  75536 859240    0    0     0    20 14693 35063 15 80  6  0  0  0 2026-05-13 12:40:56
 7  0      0 2300960  75544 859240    0    0     0    20 13971 33387 13 80  7  0  0  0 2026-05-13 12:40:57
 7  0      0 2256468  75548 859240    0    0     0    20 15148 37108 16 74 10  0  0  0 2026-05-13 12:40:58
 7  0      0 2360076  75552 859240    0    0     0   292 13973 34555 16 74 10  0  0  0 2026-05-13 12:40:59
 7  1      0 2373684  75560 859240    0    0     0    48 14795 35493 14 86  0  0  1  0 2026-05-13 12:41:00
 7  0      0 2362060  75584 859228    0    0     0   504 13796 33061 16 74 10  0  0  0 2026-05-13 12:41:01
 6  2      0 2248588  75588 859240    0    0     0    20 14416 36791 16 73 10  0  0  0 2026-05-13 12:41:02
 7  0      0 2300540  75616 859228    0    0     0   340 14495 34739 13 80  7  0  0  0 2026-05-13 12:41:03
 7  0      0 2242716  75628 859240    0    0     0    44 16787 43184 18 72 10  0  0  0 2026-05-13 12:41:04
 7  0      0 2332124  75632 859244    0    0     0   212 14654 35172 15 75 10  0  0  0 2026-05-13 12:41:05
 7  0      0 2308916  75656 859236    0    0     0   212 14597 36158 16 74 10  0  0  0 2026-05-13 12:41:06
 8  1      0 2344292  75664 859240    0    0     0   192 14595 34874 13 81  7  0  0  0 2026-05-13 12:41:07
 7  0      0 2444524  75672 859244    0    0     0    20 14896 35602 14 80  6  0  0  0 2026-05-13 12:41:08
 7  0      0 2404660  75692 859240    0    0     0   336 14920 35580 15 75 10  0  0  0 2026-05-13 12:41:09
 6  3      0 2345052  75704 859236    0    0     0    36 14887 35645 13 80  6  0  0  0 2026-05-13 12:41:10
 7  0      0 2225712  75724 859228    0    0     0   188 14709 35246 12 81  7  0  0  0 2026-05-13 12:41:11
 7  0      0 2243948  75728 859244    0    0     0    20 14528 34626 15 80  6  0  0  0 2026-05-13 12:41:12
 7  0      0 2234660  75744 859236    0    0     0   196 15163 36347 15 75 10  0  0  0 2026-05-13 12:41:13
 7  0      0 2254280  75748 859244    0    0     0   168 14828 35272 13 80  7  0  0  0 2026-05-13 12:41:14
 7  0      0 2323508  75768 859244    0    0     0   344 14378 34200 14 80  6  0  0  0 2026-05-13 12:41:15
 7  0      0 2382744  75768 859244    0    0     0    20 14905 36334 18 81  0  0  0  0 2026-05-13 12:41:16
 7  0      0 2440936  75776 859244    0    0     0    20 14382 35485 17 74 10  0  0  0 2026-05-13 12:41:17
 7  0      0 2285028  75780 859244    0    0     0    20 15408 38365 17 73 10  0  0  0 2026-05-13 12:41:18
 7  0      0 2299736  75784 859244    0    0     0    20 15312 36435 12 81  7  0  0  0 2026-05-13 12:41:19
 7  0      0 2202692  75788 859244    0    0     0    20 15353 36790 15 75 10  0  0  0 2026-05-13 12:41:20
 0  0      0 2564936  75792 859244    0    0     0    20 1574 3291  1  5 94  0  0  0 2026-05-13 12:41:21
 0  0      0 2581320  75792 859244    0    0     0     0  310  156  1  1 99  0  1  0 2026-05-13 12:41:22
 0  0      0 2597704  75792 859244    0    0     0     0  258  134  0  0 99  0  0  0 2026-05-13 12:41:23
 0  0      0 2614088  75792 859244    0    0     0     0  137   70  0  0 100  0  0  0 2026-05-13 12:41:24
 0  0      0 2630472  75792 859244    0    0     0     0   72   46  0  0 100  0  0  0 2026-05-13 12:41:25
 0  0      0 2646856  75792 859244    0    0     0     0  293  219  0  0 100  0  0  0 2026-05-13 12:41:26
 1  0      0 2663240  75792 859244    0    0     0    16  273  152  0  1 99  0  0  0 2026-05-13 12:41:27
 0  0      0 2679624  75792 859244    0    0     0     0  220  155  1  1 99  0  0  0 2026-05-13 12:41:28
 1  0      0 2687816  75792 859244    0    0     0     0  196  122  1  0 100  0  0  0 2026-05-13 12:41:29
 0  0      0 2704200  75792 859244    0    0     0     0  387  381  1  2 97  0  0  0 2026-05-13 12:41:30
 0  0      0 2720584  75792 859244    0    0     0     0  275  185  0  0 100  0  0  0 2026-05-13 12:41:31
 0  0      0 2736968  75792 859244    0    0     0     0  259  142  0  1 99  0  0  0 2026-05-13 12:41:32
 5  0      0 2637412  75800 859244    0    0     0    20 6379 19056  9 30 60  1  0  0 2026-05-13 12:41:33
 5  0      0 2507464  75804 859244    0    0     0    20 15280 43528 26 73  1  1  1  0 2026-05-13 12:41:34
 5  0      0 2556328  75808 859244    0    0     0    20 16290 42232 18 72 10  0  0  0 2026-05-13 12:41:35
 5  0      0 2432300  75812 859244    0    0     0    20 15227 43171 23 60  15  2  0  0 2026-05-13 12:41:36
 5  0      0 2454856  75816 859244    0    0     0    20 16663 45406 21 79  0  0  0  0 2026-05-13 12:41:37
 5  0      0 2369440  75824 859244    0    0     0    20 15576 41861 26 60  15  0  0  0 2026-05-13 12:41:38
 6  0      0 2421908  75828 859244    0    0     0    20 16295 45127 18 81  0  0  0  0 2026-05-13 12:41:39
 5  0      0 2385888  75832 859244    0    0     0    20 16091 44400 22 60  16  2  0  0 2026-05-13 12:41:40
 5  0      0 2442324  75836 859244    0    0     0    20 16533 45469 18 73 10  0  0  0 2026-05-13 12:41:41
 5  0      0 2498316  75840 859244    0    0     0    20 16672 45897 30 50  20  0  0  0 2026-05-13 12:41:42
 4  1      0 2538516  75844 859248    0    0     0    48 16265 45670 21 79  0  0  0  0 2026-05-13 12:41:43
 5  0      0 2405072  75852 859248    0    0     0    20 17151 44111 22 78  0  1  1  0 2026-05-13 12:41:44
 6  0      0 2391296  75856 859248    0    0     0    20 16297 44992 23 60  15  2  0  0 2026-05-13 12:41:45
 5  0      0 2391000  75860 859248    0    0     0    20 16564 44293 19 81  0  0  0  0 2026-05-13 12:41:46
 5  0      0 2439816  75868 859248    0    0     0    20 16372 44990 25 60  16  0  0  0 2026-05-13 12:41:47
 5  1      0 2397328  75872 859248    0    0     0    20 16885 46303 28 60  12  0  0  0 2026-05-13 12:41:48
 5  0      0 2424400  75876 859248    0    0     0    20 16952 45868 21 79  0  0  0  0 2026-05-13 12:41:49
 4  1      0 2557136  75880 859248    0    0     0    20 17137 45990 23 60  15  2  0  0 2026-05-13 12:41:50
 5  0      0 2399760  75880 859248    0    0     0    20 16743 46093 29 60  11  0  0  0 2026-05-13 12:41:51
 4  2      0 2669868  75884 859248    0    0     0    20 14639 40608 24 76  0  0  1  0 2026-05-13 12:41:52
 5  0      0 2421828  75888 859248    0    0     0    20 15374 41986 21 79  0  0  0  0 2026-05-13 12:41:53
 5  0      0 2475424  75896 859248    0    0     0    20 18136 47550 30 50  20  0  0  0 2026-05-13 12:41:54
 5  0      0 2380344  75900 859248    0    0     0    20 19701 50568 26 73  0  1  1  0 2026-05-13 12:41:55
 6  0      0 2483784  75904 859248    0    0     0    20 13768 38689 21 78  1  0  1  0 2026-05-13 12:41:56
 5  0      0 2407460  75908 859248    0    0     0    20 14958 41362 25 60  15  0  0  0 2026-05-13 12:41:57
 5  0      0 2373428  75912 859248    0    0     0    20 17583 47503 22 79  0  0  0  0 2026-05-13 12:41:58
 5  0      0 2376692  75916 859248    0    0     0    20 18510 48233 19 81  0  0  0  0 2026-05-13 12:41:59
 3  2      0 2403616  75920 859248    0    0     0    20 17359 47152 23 77  0  0  1  0 2026-05-13 12:42:00
 5  0      0 2390600  75936 859248    0    0     0    32 16592 44520 27 60  12  0  0  0 2026-05-13 12:42:01
 5  1      0 2502920  75940 859248    0    0     0    20 19357 48337 21 78  0  2  0  0 2026-05-13 12:42:02
 5  1      0 2366928  75948 859248    0    0     0    20 16407 43153 28 71  0  1  0  0 2026-05-13 12:42:03
 3  2      0 2406720  75952 859248    0    0     0    20 17702 48095 25 73  0  2  0  0 2026-05-13 12:42:04
 5  1      0 2495184  75960 859248    0    0     0    20 18663 51888 28 60  11  0  0  0 2026-05-13 12:42:05
 3  2      0 2521832  75964 859248    0    0     0    20 17205 46731 26 60  15  0  0  0 2026-05-13 12:42:06
 5  0      0 2547832  75968 859248    0    0     0    20 15053 42377 22 60  16  2  0  0 2026-05-13 12:42:07
 5  0      0 2385532  75972 859248    0    0     0    20 17008 46024 23 60  15  2  0  0 2026-05-13 12:42:08
 6  0      0 2412584  75976 859248    0    0     0    20 17205 52004 25 60  15  0  0  0 2026-05-13 12:42:09
 4  1      0 2334680  75980 859248    0    0     0    20 17337 48238 24 60  16  0  0  0 2026-05-13 12:42:10
 5  0      0 2443736  75988 859248    0    0     0    20 17854 47774 30 70  0  0  1  0 2026-05-13 12:42:11
 5  0      0 2371972  75992 859248    0    0     0    20 16929 47251 26 60  15  0  0  0 2026-05-13 12:42:12
 6  0      0 2621228  75996 859248    0    0     0    20 15682 45030 22 79  0  0  0  0 2026-05-13 12:42:13
 5  0      0 2315236  76000 859248    0    0     0    20 16073 45783 26 60  14  0  0  0 2026-05-13 12:42:14
 4  1      0 2373768  76008 859248    0    0     0    20 17645 48124 25 60  15  0  0  0 2026-05-13 12:42:15
 5  0      0 2442192  76012 859248    0    0     0    20 16047 44611 20 80  0  0  1  0 2026-05-13 12:42:16
 5  0      0 2402652  76016 859248    0    0     0    20 15847 43990 18 72 10  0  0  0 2026-05-13 12:42:17
 0  0      0 2705748  76020 859248    0    0     0    20 9913 25934 14 46 40  0  0  0 2026-05-13 12:42:18
 1  0      0 2713304  76020 859248    0    0     0     0  310  142  1  1 98  0  0  0 2026-05-13 12:42:19
 0  0      0 2718152  76020 859248    0    0     0     0  336  254  1  1 98  0  0  0 2026-05-13 12:42:20
 0  0      0 2726344  76020 859248    0    0     0     0  186  119  0  0 99  0  0  0 2026-05-13 12:42:21
 0  0      0 2737656  76020 859252    0    0     0     0  224  142  1  1 99  0  0  0 2026-05-13 12:42:22
 0  0      0 2752544  76020 859252    0    0     0     0   94   73  0  0 100  0  0  0 2026-05-13 12:42:23
 0  0      0 2760532  76028 859252    0    0     0    36   43   42  0  0 100  0  0  0 2026-05-13 12:42:24
 0  0      0 2768888  76028 859252    0    0     0     0  203  132  0  1 99  0  0  0 2026-05-13 12:42:25
 0  0      0 2779312  76028 859252    0    0     0     0  271  227  1  1 99  0  0  0 2026-05-13 12:42:26
 0  0      0 2787504  76028 859252    0    0     0     0  271  165  0  1 99  0  0  0 2026-05-13 12:42:27
 0  0      0 2793648  76028 859252    0    0     0     0  256  138  0  1 99  0  0  0 2026-05-13 12:42:28
 0  0      0 2797492  76032 859252    0    0     0    40  284  163  1  0 99  0  0  0 2026-05-13 12:42:29
 0  0      0 2803636  76032 859252    0    0     0     4  305  233  0  1 99  0  0  0 2026-05-13 12:42:30
 3  0      0 2618152  76036 859252    0    0     0   212 13358 29039 39 49 13  0  1  0 2026-05-13 12:42:31
 3  0      0 2601788  76044 859252    0    0     0    20 18475 39283 37 64  0  0  0  0 2026-05-13 12:42:32
 3  0      0 2529976  76052 859252    0    0     0    20 11199 35523 38 62  0  0  0  0 2026-05-13 12:42:33
 2  1      0 2644664  76052 859252    0    0     0    20 10841 37906 36 64  0  0  0  0 2026-05-13 12:42:34
 2  1      0 2534072  76060 859252    0    0     0    20 11326 38743 35 64  0  0  0  0 2026-05-13 12:42:35
 2  1      0 2617852  76064 859252    0    0     0    20 15036 36482 37 63  0  0  0  0 2026-05-13 12:42:36
 2  1      0 2726144  76068 859252    0    0     0    20 11510 40331 37 63  0  0  0  0 2026-05-13 12:42:37
 4  0      0 2682560  76072 859252    0    0     0    20 12352 34809 42 59  0  0  0  0 2026-05-13 12:42:38
 3  0      0 2637624  76076 859252    0    0     0    20 14724 32697 41 58  0  0  0  0 2026-05-13 12:42:39
 3  0      0 2613168  76084 859252    0    0     0    20 12624 30182 45 56  0  0  0  0 2026-05-13 12:42:40
 3  0      0 2549056  76088 859252    0    0     0    20 9549 24433 46 54  0  0  0  0 2026-05-13 12:42:41
 3  0      0 2553848  76096 859252    0    0     0    20 9504 20052 44 56  0  0  1  0 2026-05-13 12:42:42
 3  0      0 2692968  76100 859252    0    0     0    20 14918 33093 42 58  0  0  0  0 2026-05-13 12:42:43
 2  1      0 2664416  76108 859252    0    0     0    20 12488 30110 46 54  0  0  0  0 2026-05-13 12:42:44
 2  1      0 2614376  76112 859252    0    0     0    20 14212 32342 43 57  0  0  0  0 2026-05-13 12:42:45
 3  0      0 2585824  76116 859252    0    0     0    20 15691 33875 40 60  0  0  1  0 2026-05-13 12:42:46
 3  0      0 2567512  76120 859252    0    0     0    20 14232 33192 45 55  0  0  0  0 2026-05-13 12:42:47
 3  0      0 2565584  76124 859252    0    0     0    20 14084 32364 42 58  0  0  0  0 2026-05-13 12:42:48
 2  1      0 2669888  76132 859252    0    0     0    20 14981 33349 44 56  0  0  0  0 2026-05-13 12:42:49
 2  1      0 2577464  76140 859252    0    0     0    20 10931 38342 36 65  0  0  0  0 2026-05-13 12:42:50
 3  0      0 2532408  76144 859252    0    0     0    20 10814 36049 38 62  0  0  0  0 2026-05-13 12:42:51
 2  1      0 2593848  76152 859252    0    0     0    20 10922 39302 34 66  0  0  1  0 2026-05-13 12:42:52
 2  1      0 2546744  76156 859252    0    0     0    20 11243 41358 34 66  0  0  0  0 2026-05-13 12:42:53
 2  1      0 2589752  76160 859252    0    0     0    20 11502 41091 34 66  0  0  0  0 2026-05-13 12:42:54
 4  0      0 2677816  76164 859252    0    0     0    20 11575 44007 32 68  0  0  0  0 2026-05-13 12:42:55
 4  0      0 2563128  76168 859252    0    0     0    20 10911 40059 36 64  0  0  1  0 2026-05-13 12:42:56
 3  0      0 2702392  76176 859252    0    0     0    20 10592 36516 35 65  0  0  0  0 2026-05-13 12:42:57
 3  0      0 2563128  76180 859252    0    0     0    20 10869 37603 34 66  0  0  0  0 2026-05-13 12:42:58
 3  0      0 2550840  76184 859252    0    0     0    20 9983 33451 37 63  0  0  1  0 2026-05-13 12:42:59
 0  0      0 2755084  76192 859256    0    0     0   268 8342 25657 33 46 22  0  0  0 2026-05-13 12:43:00
 0  0      0 2755084  76192 859256    0    0     0     0  296  137  1  0 99  0  0  0 2026-05-13 12:43:01
 0  0      0 2755084  76192 859260    0    0     0     0  229  122  0  1 100  0  0  0 2026-05-13 12:43:02
 0  0      0 2755084  76192 859260    0    0     0     0  257  135  1  1 99  0  0  0 2026-05-13 12:43:03
 0  0      0 2757132  76192 859260    0    0     0     0  298  175  1  1 99  0  0  0 2026-05-13 12:43:04
 0  0      0 2763276  76192 859260    0    0     0     0  248  131  1  0 99  0  0  0 2026-05-13 12:43:05
 0  0      0 2769420  76200 859260    0    0     0    24  254  159  1  1 98  0  0  0 2026-05-13 12:43:06
 0  0      0 2773516  76200 859260    0    0     0     0   43   37  0  0 100  0  0  0 2026-05-13 12:43:07
 0  0      0 2773516  76200 859260    0    0     0     0   64   63  0  1 100  0  0  0 2026-05-13 12:43:08
 1  0      0 2775564  76200 859260    0    0     0     0   82   54  0  0 100  0  0  0 2026-05-13 12:43:09
 0  0      0 2775360  76200 859260    0    0     0     0  259  163  1  1 99  0  0  0 2026-05-13 12:43:10
 3  0      0 2689832  76212 859256    0    0     0   460 10396 35965 37 63  1  0  1  0 2026-05-13 12:43:11
 3  0      0 2566952  76228 859260    0    0     0    44 10941 39511 35 65  0  0  0  0 2026-05-13 12:43:12
 3  0      0 2579240  76236 859260    0    0     0    20 11641 42493 33 67  0  0  0  0 2026-05-13 12:43:13
 3  0      0 2552900  76248 859256    0    0     0   220 10506 31582 43 57  0  0  0  0 2026-05-13 12:43:14
 3  0      0 2537488  76248 859260    0    0     0   196 12793 31144 47 54  0  0  0  0 2026-05-13 12:43:15
 3  0      0 2684952  76256 859260    0    0     0    44 14091 31920 42 58  0  0  1  0 2026-05-13 12:43:16
 3  0      0 2615320  76264 859260    0    0     0    20 14068 31788 44 57  0  0  0  0 2026-05-13 12:43:17
 3  0      0 2543640  76268 859260    0    0     0    20 16890 36179 42 59  0  0  0  0 2026-05-13 12:43:18
 3  0      0 2531416  76276 859260    0    0     0    20 11695 37952 38 62  0  0  0  0 2026-05-13 12:43:19
 3  0      0 2629188  76284 859260    0    0     0    20 11519 40258 37 63  0  0  0  0 2026-05-13 12:43:20
 2  1      0 2554188  76288 859260    0    0     0    20 14951 33295 42 59  0  0  0  0 2026-05-13 12:43:21
 3  0      0 2535524  76288 859260    0    0     0    20 11784 28576 46 54  0  0  0  0 2026-05-13 12:43:22
 3  0      0 2575972  76292 859260    0    0     0    20 12484 34367 43 56  0  0  0  0 2026-05-13 12:43:23
 3  0      0 2543204  76296 859260    0    0     0    20 13651 32524 45 56  0  0  0  0 2026-05-13 12:43:24
 3  0      0 2549348  76300 859260    0    0     0    20 14344 33260 43 58  0  0  0  0 2026-05-13 12:43:25
 3  0      0 2555492  76304 859260    0    0     0    20 14796 31738 40 60  0  0  0  0 2026-05-13 12:43:26
 3  0      0 2557556  76312 859260    0    0     0    20 14249 39119 38 63  0  0  0  0 2026-05-13 12:43:27
 3  0      0 2618612  76316 859260    0    0     0    20 13778 37812 37 64  0  0  0  0 2026-05-13 12:43:28
 3  0      0 2585844  76320 859260    0    0     0    20 14180 32320 43 57  0  0  0  0 2026-05-13 12:43:29
 3  0      0 2585620  76328 859256    0    0     0    36 9417 24900 47 53  0  0  0  0 2026-05-13 12:43:30
 2  1      0 2598196  76332 859260    0    0     0    20 6485 17371 42 58  0  0  0  0 2026-05-13 12:43:31
 3  0      0 2723124  76340 859260    0    0     0    20 7311 16942 43 57  0  0  0  0 2026-05-13 12:43:32
 4  0      0 2750880  76344 859260    0    0     0    20 5133 16722 42 58  0  0  0  0 2026-05-13 12:43:33
 2  1      0 2636264  76348 859260    0    0     0    20 5542 19978 35 65  0  0  0  0 2026-05-13 12:43:34
 3  0      0 2595636  76348 859260    0    0     0    20 5379 18337 39 61  0  0  0  0 2026-05-13 12:43:35
 3  0      0 2581032  76352 859260    0    0     0    20 5562 20146 34 66  0  0  0  0 2026-05-13 12:43:36
 3  0      0 2784664  76372 859244    0    0     0   440 4681 11968 47 53  0  0  0  0 2026-05-13 12:43:37
 3  0      0 2620800  76380 859256    0    0     0   156 6716 15673 43 57  0  0  0  0 2026-05-13 12:43:38
 3  0      0 2777352  76408 859252    0    0     0   244 6842 16196 47 53  0  0  0  0 2026-05-13 12:43:39
 2  1      0 2605320  76412 859264    0    0     0    20 8074 17945 40 60  0  0  0  0 2026-05-13 12:43:40
 3  0      0 2668628  76504 859184    0    0     0   320 4191 12101 43 57  0  0  0  0 2026-05-13 12:43:41
 3  0      0 2603124  76516 859260    0    0     0   212 5088 14377 48 51  0  0  1  0 2026-05-13 12:43:42
 3  0      0 2611316  76524 859264    0    0     0    44 7632 16199 41 59  0  0  0  0 2026-05-13 12:43:43
 3  0      0 2652908  76528 859260    0    0     0   160 7341 17693 44 56  0  0  0  0 2026-05-13 12:43:44
 3  0      0 2570988  76536 859264    0    0     0    44 5485 14126 48 52  0  0  0  0 2026-05-13 12:43:45
 0  0      0 2732556  76540 859264    0    0     0    20  578 1138  4  4 92  0  0  0 2026-05-13 12:43:46
 0  0      0 2740748  76540 859264    0    0     0     0  249  144  0  1 98  0  0  0 2026-05-13 12:43:47
 1  0      0 2428124  76540 859264    0    0     0     0  788  824  0 25 60  15  0  0 2026-05-13 12:43:48
 0  0      0 2128448  76540 859264    0    0     0     0  851  722  2 34 64  0  0  0 2026-05-13 12:43:49
 1  0      0 1811388  76540 859264    0    0     0     0  838  733  1 33 66  0  0  0 2026-05-13 12:43:50
 1  0      0 1504956  76540 859264    0    0     0     0  665  650  0 32 68  0  0  0 2026-05-13 12:43:51
 0  0      0 1045108  76548 859256    0    0     0    24  723  930  0 24 75  1  0  0 2026-05-13 12:43:52
 1  0      0 1414436  76548 859264    0    0     0     4 1609 2635  0 25 60  15  0  0 2026-05-13 12:43:53
 0  0      0 2640812  76548 859264    0    0     0     0 1299 2391  1  9 91  0  0  0 2026-05-13 12:43:54
 0  0      0 2656464  76548 859264    0    0     0     0  236  119  1  1 98  0  0  0 2026-05-13 12:43:55
 0  0      0 2664528  76548 859264    0    0     0     0  276  132  2  1 97  0  0  0 2026-05-13 12:43:56
 0  0      0 2680656  76552 859264    0    0     0   132  291  189  0  0 99  0  0  0 2026-05-13 12:43:57
 2  0      0 2589960  76552 859264    0    0     0     0  366  164  9 10 72 10  0  0 2026-05-13 12:43:58
 2  0      0 2674408  76552 859264    0    0     0     0  674  193 52 48  0  0  0  0 2026-05-13 12:44:00
 2  0      0 2563764  76552 859264    0    0     0     0  753  310 53 47  0  0  0  0 2026-05-13 12:44:01
 2  0      0 2510304  76552 859264    0    0     0     0  543  134 51 49  0  0  1  0 2026-05-13 12:44:02
 2  0      0 2618676  76552 859264    0    0     0     0  515   96 52 49  0  0  0  0 2026-05-13 12:44:03
 2  0      0 2508804  76552 859264    0    0     0    12  527  119 52 48  0  0  0  0 2026-05-13 12:44:04
 2  0      0 2516680  76552 859264    0    0     0     0  505   95 52 49  0  0  0  0 2026-05-13 12:44:05
 2  0      0 2586660  76552 859264    0    0     0     0  516   94 53 48  0  0  0  0 2026-05-13 12:44:06
 2  0      0 2512428  76552 859264    0    0     0     0  530   94 52 48  0  0  0  0 2026-05-13 12:44:07
 2  0      0 2528908  76552 859264    0    0     0     0  515  103 52 48  0  0  0  0 2026-05-13 12:44:08
 2  0      0 2598728  76560 859264    0    0     0    12  520  107 52 48  0  0  0  0 2026-05-13 12:44:09
 2  0      0 2694924  76560 859264    0    0     0     0  518   94 52 49  0  0  0  0 2026-05-13 12:44:10
 2  0      0 2544788  76560 859264    0    0     0     0  531   98 52 48  0  0  0  0 2026-05-13 12:44:11
 2  0      0 2653932  76560 859264    0    0     0     0  534  105 53 47  0  0  0  0 2026-05-13 12:44:12
 4  0      0 2557100  76560 859264    0    0     0     0  381   68 51 49  0  0  0  0 2026-05-13 12:44:13
 2  0      0 2596720  76564 859264    0    0     0    12  282   76 51 49  0  0  0  0 2026-05-13 12:44:14
 2  0      0 2676760  76564 859264    0    0     0     0  277   58 50 49  0  0  1  0 2026-05-13 12:44:15
 2  0      0 2549200  76564 859264    0    0     0     0  270   56 52 48  0  0  0  0 2026-05-13 12:44:16
 2  0      0 2582016  76564 859264    0    0     0     0  265   76 52 48  0  0  0  0 2026-05-13 12:44:17
 2  0      0 2637864  76564 859264    0    0     0     4  263   60 52 48  0  0  0  0 2026-05-13 12:44:18
 2  0      0 2682812  76568 859268    0    0     0    12  283   74 51 49  0  0  0  0 2026-05-13 12:44:19
 2  0      0 2740456  76568 859268    0    0     0     0  272   58 53 47  0  0  0  0 2026-05-13 12:44:20
 2  0      0 2571716  76568 859268    0    0     0     0  266   65 51 49  0  0  0  0 2026-05-13 12:44:21
 0  0      0 2742592  76568 859268    0    0     0     0  306  143 11  9 79  0  0  0 2026-05-13 12:44:22
 0  0      0 2750784  76568 859268    0    0     0    12  299  137  3  1 96  0  0  0 2026-05-13 12:44:23
 0  0      0 2758220  76572 859268    0    0     0    12  337  179  3  1 95  0  0  0 2026-05-13 12:44:24
 0  0      0 2766412  76572 859268    0    0     0     0  163   71  0  1 99  0  0  0 2026-05-13 12:44:25
 0  0      0 2772556  76572 859268    0    0     0     0   19   19  0  0 100  0  0  0 2026-05-13 12:44:26
 0  0      0 2776652  76572 859268    0    0     0     0   37   41  0  0 100  0  0  0 2026-05-13 12:44:27
 0  0      0 2782796  76572 859268    0    0     0     0   46   41  0  0 100  0  0  0 2026-05-13 12:44:28
 0  0      0 2782796  76580 859260    0    0     0    12   46   47  0  0 100  0  0  0 2026-05-13 12:44:29
 0  0      0 2782796  76580 859268    0    0     0     0   20   21  0  0 100  0  0  0 2026-05-13 12:44:30
 0  0      0 2782796  76580 859268    0    0     0     0   94  121  0  0 100  0  0  0 2026-05-13 12:44:31
 0  0      0 2782796  76580 859268    0    0     0     0   77  123  0  0 100  0  0  0 2026-05-13 12:44:32
 0  0      0 2782796  76580 859268    0    0     0     0   28   24  0  0 100  0  0  0 2026-05-13 12:44:33
 0  0      0 2782796  76580 859268    0    0     0     0   60   81  0  0 100  0  0  0 2026-05-13 12:44:34
 0  0      0 2782796  76584 859268    0    0     0    12   29   32  0  0 100  0  0  0 2026-05-13 12:44:35
 0  0      0 2782796  76584 859268    0    0     0     0   25   22  0  0 100  0  0  0 2026-05-13 12:44:36
 0  0      0 2782796  76584 859268    0    0     0     0   30   38  0  0 100  0  0  0 2026-05-13 12:44:37
 0  0      0 2782796  76584 859268    0    0     0     0   17   16  0  0 100  0  0  0 2026-05-13 12:44:38
 0  0      0 2782796  76584 859268    0    0     0     0   28   23  0  0 100  0  0  0 2026-05-13 12:44:39
 0  0      0 2782796  76584 859268    0    0     0     0   26   25  0  0 100  0  0  0 2026-05-13 12:44:40
 0  0      0 2782796  76592 859260    0    0     0    12   67  102  0  0 100  0  0  0 2026-05-13 12:44:41
 0  0      0 2782796  76592 859268    0    0     0     0   23   23  0  0 100  0  0  0 2026-05-13 12:44:42
 0  0      0 2782796  76592 859268    0    0     0     0   28   25  0  0 100  0  0  0 2026-05-13 12:44:43
 0  0      0 2782796  76592 859268    0    0     0     0   32   35  0  0 100  0  0  0 2026-05-13 12:44:44
 0  0      0 2782796  76592 859268    0    0     0     0   26   18  0  0 100  0  0  0 2026-05-13 12:44:45
 0  0      0 2782796  76592 859268    0    0     0     0   24   16  0  0 100  0  0  0 2026-05-13 12:44:46
 0  0      0 2782796  76596 859268    0    0     0    16   35   40  0  1 100  0  0  0 2026-05-13 12:44:47
 0  0      0 2782796  76596 859268    0    0     0     0   27   22  0  0 100  0  0  0 2026-05-13 12:44:48
 0  0      0 2782796  76596 859268    0    0     0     8   24   27  0  0 100  0  0  0 2026-05-13 12:44:49
 0  0      0 2782796  76596 859268    0    0     0     0   25   20  0  0 100  0  0  0 2026-05-13 12:44:50
 0  0      0 2782796  76596 859268    0    0     0     0   33   28  0  0 100  0  0  0 2026-05-13 12:44:51
 0  0      0 2782796  76596 859268    0    0     0     0   30   36  0  0 100  0  0  0 2026-05-13 12:44:52
 0  0      0 2782796  76600 859268    0    0     0    24   32   38  0  0 100  0  0  0 2026-05-13 12:44:53
 0  0      0 2782796  76600 859268    0    0     0    16   29   26  0  0 100  0  0  0 2026-05-13 12:44:54
 0  0      0 2782796  76600 859268    0    0     0     0   23   16  0  0 100  0  0  0 2026-05-13 12:44:55
 0  0      0 2782796  76600 859268    0    0     0     0   28   29  0  0 100  0  0  0 2026-05-13 12:44:56
 0  0      0 2782796  76600 859272    0    0     0     0   39   40  0  0 100  0  0  0 2026-05-13 12:44:57
 0  0      0 2782796  76600 859272    0    0     0     0  153   75  1  1 98  0  0  0 2026-05-13 12:44:58
 0  0      0 2779048  76612 859264    0    0     0    32  316  225  2  1 97  0  0  0 2026-05-13 12:44:59
 2  0      0 2620456  76612 859272    0    0     0     0  434  185 21 22 56  0  0  0 2026-05-13 12:45:00
 3  0      0 2723100  76612 859272    0    0     0     0  655  207 51 49  0  0  0  0 2026-05-13 12:45:01
 2  0      0 2560088  76612 859272    0    0     0     0  573  242 52 48  0  0  0  0 2026-05-13 12:45:02
 3  0      0 2679208  76612 859272    0    0     0     0  519   99 52 49  0  0  0  0 2026-05-13 12:45:03
 2  0      0 2560188  76620 859264    0    0     0   272  536  146 50 49  0  0  0  0 2026-05-13 12:45:04
 2  0      0 2654348  76620 859272    0    0     0     0  506  110 52 49  0  0  0  0 2026-05-13 12:45:05
 2  0      0 2559388  76620 859272    0    0     0     0  523  118 52 48  0  0  0  0 2026-05-13 12:45:06
 2  0      0 2690460  76620 859272    0    0     0     0  512   95 52 48  0  0  0  0 2026-05-13 12:45:07
 2  0      0 2559388  76620 859272    0    0     0     0  524  109 52 48  0  0  0  0 2026-05-13 12:45:08
 2  0      0 2620828  76620 859272    0    0     0     0  519   97 51 49  0  0  0  0 2026-05-13 12:45:09
 2  0      0 2559424  76624 859276    0    0     0    36  524  144 53 48  0  0  0  0 2026-05-13 12:45:10
 2  0      0 2665920  76624 859276    0    0     0     0  513   93 52 49  0  0  0  0 2026-05-13 12:45:11
 2  0      0 2575808  76624 859276    0    0     0     0  520  116 52 48  0  0  0  0 2026-05-13 12:45:12
 2  0      0 2662616  76624 859276    0    0     0     0  525  114 51 48  0  0  0  0 2026-05-13 12:45:13
 0  0      0 2719196  76624 859276    0    0     0     0  390  147 30 28 43  0  0  0 2026-05-13 12:45:14
 0  0      0 2727388  76628 859276    0    0     0    36  239  145  0  1 98  0  0  0 2026-05-13 12:45:15
 0  0      0 2735580  76628 859276    0    0     0     0  241  157  0  1 98  0  0  0 2026-05-13 12:45:16
 0  0      0 2743772  76628 859276    0    0     0     4  235  152  1  1 99  0  0  0 2026-05-13 12:45:17
 0  0      0 2751964  76628 859276    0    0     0     0  209  124  0  1 100  0  0  0 2026-05-13 12:45:18
 0  0      0 2760764  76628 859276    0    0     0     0  146  111  1  0 100  0  0  0 2026-05-13 12:45:19
 0  0      0 2766720  76628 859276    0    0     0     8  128   95  0  1 99  0  0  0 2026-05-13 12:45:20
 4  0      0 2769060  76636 859276    0    0     0   404 16152 50379 30 56 12  3  0  0 2026-05-13 12:45:21
 4  0      0 2584780  76640 859276    0    0     0    20 23149 57864 34 66  0  0  0  0 2026-05-13 12:45:22
 2  2      0 2618972  76648 859276    0    0     0    20 21484 57358 30 67  0  1  0  0 2026-05-13 12:45:23
 4  0      0 2601136  76652 859276    0    0     0    20 18119 49133 37 64  0  0  0  0 2026-05-13 12:45:24
 4  0      0 2517336  76656 859276    0    0     0    20 19989 52676 37 63  0  0  0  0 2026-05-13 12:45:25
 2  2      0 2516636  76660 859276    0    0     0    20 20970 54701 37 62  0  1  0  0 2026-05-13 12:45:26
 4  0      0 2614976  76664 859276    0    0     0    20 17037 48272 44 55  0  0  0  0 2026-05-13 12:45:27
 4  1      0 2691328  76668 859276    0    0     0    20 19279 54072 39 61  0  0  0  0 2026-05-13 12:45:28
 4  0      0 2602488  76672 859276    0    0     0    20 22236 57628 40 60  0  0  0  0 2026-05-13 12:45:29
 4  0      0 2626640  76676 859276    0    0     0    20 19304 52582 34 65  0  0  0  0 2026-05-13 12:45:30
 2  2      0 2662648  76680 859276    0    0     0    20 20354 57324 37 63  0  0  0  0 2026-05-13 12:45:31
 4  0      0 2606632  76688 859276    0    0     0    32 20222 55345 38 62  0  0  0  0 2026-05-13 12:45:32
 4  0      0 2762604  76692 859276    0    0     0    20 22409 58561 36 64  0  0  0  0 2026-05-13 12:45:33
 4  0      0 2582028  76700 859276    0    0     0    20 18677 53633 37 63  0  0  1  0 2026-05-13 12:45:34
 4  0      0 2600760  76704 859276    0    0     0    20 21031 57283 34 66  0  0  0  0 2026-05-13 12:45:35
 4  0      0 2584308  76712 859280    0    0     0    48 19169 52813 38 62  1  1  0  0 2026-05-13 12:45:36
 0  0      0 2706776  76720 859280    0    0     0    20 11744 33655 31 38 31  0  1  0 2026-05-13 12:45:37
 0  0      0 2721112  76720 859280    0    0     0     0  191  109  0  1 100  0  0  0 2026-05-13 12:45:38
 0  0      0 2729304  76720 859280    0    0     0     0  209  121  0  0 100  0  0  0 2026-05-13 12:45:39
 0  0      0 2743640  76720 859280    0    0     0     0  238  159  1  0 99  0  0  0 2026-05-13 12:45:40
 0  0      0 2755928  76720 859280    0    0     0     0  259  153  1  0 99  0  0  0 2026-05-13 12:45:41
 0  0      0 2768216  76720 859280    0    0     0     0  233  121  0  0 99  0  0  0 2026-05-13 12:45:42
 0  0      0 2776408  76724 859280    0    0     0    16   81   63  0  0 100  0  0  0 2026-05-13 12:45:43
 0  0      0 2776408  76724 859280    0    0     0     0   39   34  0  0 100  0  0  0 2026-05-13 12:45:44
 0  0      0 2780504  76724 859280    0    0     0     0   23   17  0  0 100  0  0  0 2026-05-13 12:45:45
 0  0      0 2780504  76724 859280    0    0     0     0   26   21  0  0 100  0  0  0 2026-05-13 12:45:46
 0  0      0 2780504  76724 859280    0    0     0     0   26   26  0  0 100  0  0  0 2026-05-13 12:45:47
 0  0      0 2780504  76724 859280    0    0     0     0   31   28  0  0 100  0  0  0 2026-05-13 12:45:48
 0  0      0 2780504  76728 859276    0    0     0    12   33   34  0  0 99  0  0  0 2026-05-13 12:45:49
 0  0      0 2780504  76728 859280    0    0     0     0   20   18  0  0 100  0  0  0 2026-05-13 12:45:50
 0  0      0 2780504  76728 859280    0    0     0     0   33   32  0  0 100  0  0  0 2026-05-13 12:45:51
 0  0      0 2780504  76728 859280    0    0     0     0   37   36  0  0 100  0  0  0 2026-05-13 12:45:52
